vol in bands/sqrt(s): {'SOL': np.float64(0.2788), 'ETH': np.float64(0.0448)}  $/sqrt(s): {'SOL': np.float64(0.01394), 'ETH': np.float64(0.02241)}
settlement checks OK

convergence dx=sd/8,8ph vs sd/16,16ph:
  SOL d=0.0 tau=7.6  0.683867 0.683831 rel 5.21e-05
  SOL d=0.5 tau=7.6  0.610649 0.610600 rel 7.98e-05
  SOL d=1.5 tau=32.6  0.283587 0.283538 rel 1.72e-04
  ETH d=0.0 tau=7.6  0.999911 0.999911 rel 1.30e-07
  ETH d=0.5 tau=7.6  0.651991 0.651964 rel 4.07e-05
  ETH d=1.5 tau=32.6  0.000218 0.000218 rel 9.05e-04

PDE vs MC (tick-segment rule, 200k paths):
  SOL hex  d=+0.00 tau= 7.60  P_pde=0.68387 P_mc=0.68522 se=0.00104 z=-1.31
  SOL hex  d=+0.50 tau= 7.60  P_pde=0.61065 P_mc=0.60888 se=0.00109 z=+1.63
  SOL hex  d=+1.00 tau=12.60  P_pde=0.41991 P_mc=0.41919 se=0.00110 z=+0.65
  SOL hex  d=-1.50 tau=22.60  P_pde=0.28946 P_mc=0.28873 se=0.00101 z=+0.72
  SOL hex  d=+0.25 tau=32.60  P_pde=0.40663 P_mc=0.40621 se=0.00110 z=+0.37
  SOL hex  d=+3.00 tau=92.60  P_pde=0.14374 P_mc=0.14319 se=0.00078 z=+0.70
  SOL rect d=+0.00 tau= 8.43  P_pde=0.71364 P_mc=0.71301 se=0.00101 z=+0.62
  SOL rect d=+1.00 tau=33.43  P_pde=0.36725 P_mc=0.36632 se=0.00108 z=+0.87
  ETH hex  d=+0.00 tau= 7.60  P_pde=0.99991 P_mc=0.99994 se=0.00002 z=-1.35
  ETH hex  d=+0.50 tau= 7.60  P_pde=0.65199 P_mc=0.65372 se=0.00106 z=-1.63
  ETH hex  d=+1.00 tau=12.60  P_pde=0.00640 P_mc=0.00649 se=0.00018 z=-0.46
  ETH hex  d=-1.50 tau=22.60  P_pde=0.00002 P_mc=0.00001 se=0.00000 z=+2.56
  ETH hex  d=+0.25 tau=32.60  P_pde=0.87413 P_mc=0.87362 se=0.00074 z=+0.69
  ETH hex  d=+1.00 tau=92.60  P_pde=0.15593 P_mc=0.15595 se=0.00081 z=-0.02
  ETH rect d=+0.00 tau= 8.43  P_pde=0.99996 P_mc=0.99996 se=0.00001 z=+0.66
  ETH rect d=+1.00 tau=33.43  P_pde=0.05421 P_mc=0.05364 se=0.00050 z=+1.12
  max |abs err| 0.00177  max |z| 2.56  max rel err (P>0.01) 0.0105
  u_bar single-array collapse == phase-averaged P: OK

settlement-rule sensitivity (200k paths, same cell set):
  SOL d=0.5 tau=7.6  seg100ms=0.6115  cont~5ms=0.6323  points=0.6091  jitter=0.6084
  SOL d=1.0 tau=12.6  seg100ms=0.4178  cont~5ms=0.4394  points=0.4171  jitter=0.4188
  ETH d=0.5 tau=7.6  seg100ms=0.6513  cont~5ms=0.6669  points=0.6493  jitter=0.6507
  ETH d=1.0 tau=12.6  seg100ms=0.0064  cont~5ms=0.0071  points=0.0062  jitter=0.0067

SOL multipliers hex/rect (mixture, edge 8%), rows = offset (half-bands), cols = quoted col 1..6
  off | c1 tc+10.9s | c2 tc+15.9s | c3 tc+20.9s | c4 tc+25.9s | c5 tc+30.9s | c6 tc+35.9s
   -6 | 14.9/14.5 | 11/10.7 | 9.12/8.81 | 8/7.72 | 7.3/7.04 | 6.85/6.6
   -5 | 8.84/8.51 | 6.93/6.67 | 6.04/5.81 | 5.55/5.34 | 5.27/5.07 | 5.11/4.91
   -4 | 5.09/4.87 | 4.4/4.22 | 4.11/3.95 | 3.99/3.83 | 3.95/3.79 | 3.95/3.79
   -3 | 3.04/2.92 | 2.95/2.83 | 2.96/2.85 | 3.02/2.91 | 3.11/2.98 | 3.2/3.07
   -2 | 2.02/1.95 | 2.16/2.08 | 2.31/2.22 | 2.46/2.36 | 2.6/2.5 | 2.74/2.63
   -1 | 1.56/1.51 | 1.78/1.72 | 1.98/1.91 | 2.16/2.08 | 2.33/2.24 | 2.49/2.39
   +0 | 1.43/1.38 | 1.67/1.61 | 1.88/1.81 | 2.07/1.99 | 2.25/2.16 | 2.41/2.31
   +1 | 1.56/1.51 | 1.78/1.72 | 1.98/1.91 | 2.16/2.08 | 2.33/2.24 | 2.49/2.39
   +2 | 2.02/1.95 | 2.16/2.08 | 2.31/2.22 | 2.46/2.36 | 2.6/2.5 | 2.74/2.63
   +3 | 3.04/2.92 | 2.95/2.83 | 2.96/2.85 | 3.02/2.91 | 3.11/2.98 | 3.2/3.07
   +4 | 5.09/4.87 | 4.4/4.22 | 4.11/3.95 | 3.99/3.83 | 3.95/3.79 | 3.95/3.79
   +5 | 8.84/8.51 | 6.93/6.67 | 6.04/5.81 | 5.55/5.34 | 5.27/5.07 | 5.11/4.91
   +6 | 14.9/14.5 | 11/10.7 | 9.12/8.81 | 8/7.72 | 7.3/7.04 | 6.85/6.6

ETH multipliers hex/rect (mixture, edge 8%), rows = offset (half-bands), cols = quoted col 1..6
  off | c1 tc+10.9s | c2 tc+15.9s | c3 tc+20.9s | c4 tc+25.9s | c5 tc+30.9s | c6 tc+35.9s
   -6 | 100/100 | 100/100 | 100/100 | 100/100 | 100/100 | 100/100
   -5 | 100/100 | 100/100 | 100/100 | 100/100 | 100/100 | 100/100
   -4 | 100/100 | 100/100 | 100/100 | 100/100 | 100/100 | 100/100
   -3 | 100/100 | 100/100 | 99.6/89 | 74.7/67.6 | 59.8/54.6 | 49.9/45.7
   -2 | 28.3/24.6 | 18.9/16.8 | 14.2/12.8 | 11.5/10.5 | 9.79/8.98 | 8.59/7.93
   -1 | 1.41/1.33 | 1.47/1.4 | 1.51/1.44 | 1.54/1.48 | 1.57/1.51 | 1.59/1.53
   +0 | --/-- | --/-- | --/-- | --/-- | --/-- | 1.02/1.01
   +1 | 1.41/1.33 | 1.47/1.4 | 1.51/1.44 | 1.54/1.48 | 1.57/1.51 | 1.59/1.53
   +2 | 28.3/24.6 | 18.9/16.8 | 14.2/12.8 | 11.5/10.5 | 9.79/8.98 | 8.59/7.93
   +3 | 100/100 | 100/100 | 99.6/89 | 74.7/67.6 | 59.8/54.6 | 49.9/45.7
   +4 | 100/100 | 100/100 | 100/100 | 100/100 | 100/100 | 100/100
   +5 | 100/100 | 100/100 | 100/100 | 100/100 | 100/100 | 100/100
   +6 | 100/100 | 100/100 | 100/100 | 100/100 | 100/100 | 100/100

realised edge (mixture paths, tick-segment settlement):
  SOL bets=300000 offered=100.0% capped=0.0%  expected=0.0813 realised=0.0795 +/- 0.0031 (1se)  | uncapped: expected=0.0813 realised=0.0795 +/- 0.0031  target=0.08
  ETH bets=300000 offered=94.1% capped=0.0%  expected=0.0826 realised=0.0816 +/- 0.0024 (1se)  | uncapped: expected=0.0826 realised=0.0816 +/- 0.0024  target=0.08

full 18x100 grid from cached u: 0.689s numpy (26034 u-points x 1800 cells x erf pairs)
ALL CHECKS PASSED in 129s
